// Jest Snapshot v1, https://goo.gl/fbAQLP

exports[`<Header /> component renders correctly 1`] = `
<header>
  <h1>
    John Conway's Game of Life
  </h1>
  <h3>
    a zero player automaton
  </h3>
</header>
`;
